ERROR: 2020/12/03 09:05:41 structSQL.go:91: Failed to execute SQL command: dial tcp 192.168.1.200:32769: connectex: A connection attempt failed because the connected party did not properly respond after a period of time, or established connection failed because connected host has failed to respond.
ERROR: 2020/12/03 09:21:22 structSQL.go:107: Failed to execute SQL command: Error 1452: Cannot add or update a child row: a foreign key constraint fails (`BikeTransport_db`.`Sessions`, CONSTRAINT `Sessions_ibfk_1` FOREIGN KEY (`Username`) REFERENCES `Users` (`Username`))
ERROR: 2020/12/03 09:27:56 structSQL.go:91: Failed to execute SQL command: dial tcp 192.168.1.200:32769: connectex: A connection attempt failed because the connected party did not properly respond after a period of time, or established connection failed because connected host has failed to respond.
ERROR: 2020/12/03 09:39:47 structSQL.go:58: Failed to execute SQL command: Error 1064: You have an error in your SQL syntax; check the manual that corresponds to your MySQL server version for the right syntax to use near '[36 50 97 36 48 52 36 54 110 78 52 83 47 56 70 103 113 120 112 52 47 73 99 70 68' at line 1
ERROR: 2020/12/03 09:49:53 structSQL.go:58: Failed to execute SQL command: Error 1064: You have an error in your SQL syntax; check the manual that corresponds to your MySQL server version for the right syntax to use near '[36 50 97 36 48 52 36 49 115 110 78 121 107 65 90 102 52 103 79 54 85 57 109 85 ' at line 1
ERROR: 2020/12/03 09:51:10 structSQL.go:58: Failed to execute SQL command: Error 1064: You have an error in your SQL syntax; check the manual that corresponds to your MySQL server version for the right syntax to use near '[36 50 97 36 48 52 36 122 103 74 88 66 121 120 65 57 70 83 112 47 117 82 99 106 ' at line 1
ERROR: 2020/12/03 09:59:13 structSQL.go:58: Failed to execute SQL command: Error 1064: You have an error in your SQL syntax; check the manual that corresponds to your MySQL server version for the right syntax to use near '[36 50 97 36 48 52 36 50 49 50 79 52 82 73 73 119 46 104 82 47 81 107 46 100 53 ' at line 1
ERROR: 2020/12/03 10:00:31 structSQL.go:57: Failed to execute SQL command: Error 1054: Unknown column '$1' in 'field list'
ERROR: 2020/12/03 14:44:50 structSQL.go:91: Failed to execute SQL command: dial tcp 192.168.1.200:32769: connectex: A connection attempt failed because the connected party did not properly respond after a period of time, or established connection failed because connected host has failed to respond.
ERROR: 2020/12/03 14:48:13 structSQL.go:91: Failed to execute SQL command: dial tcp 192.168.1.200:32769: connectex: A connection attempt failed because the connected party did not properly respond after a period of time, or established connection failed because connected host has failed to respond.
ERROR: 2020/12/03 15:49:52 structSQL.go:91: Failed to execute SQL command: dial tcp 192.168.1.200:32769: connectex: A connection attempt failed because the connected party did not properly respond after a period of time, or established connection failed because connected host has failed to respond.
ERROR: 2020/12/03 15:51:45 structSQL.go:91: Failed to execute SQL command: dial tcp 192.168.1.200:32769: connectex: A connection attempt failed because the connected party did not properly respond after a period of time, or established connection failed because connected host has failed to respond.
ERROR: 2020/12/03 16:18:13 structSQL.go:91: Failed to execute SQL command: dial tcp 192.168.1.200:32769: connectex: A connection attempt failed because the connected party did not properly respond after a period of time, or established connection failed because connected host has failed to respond.
ERROR: 2020/12/03 16:33:11 structSQL.go:91: Failed to execute SQL command: dial tcp 192.168.1.200:32769: connectex: A connection attempt failed because the connected party did not properly respond after a period of time, or established connection failed because connected host has failed to respond.
ERROR: 2020/12/03 18:40:44 structSQL.go:91: Failed to execute SQL command: dial tcp 192.168.1.200:32769: connectex: A connection attempt failed because the connected party did not properly respond after a period of time, or established connection failed because connected host has failed to respond.
ERROR: 2020/12/03 18:42:51 structSQL.go:91: Failed to execute SQL command: dial tcp 192.168.1.22:32769: connectex: A connection attempt failed because the connected party did not properly respond after a period of time, or established connection failed because connected host has failed to respond.
ERROR: 2020/12/03 18:59:43 structSQL.go:100: Error 1054: Unknown column '$1' in 'where clause'
ERROR: 2020/12/03 19:00:37 structSQL.go:100: Error 1054: Unknown column '$1' in 'where clause'
ERROR: 2020/12/03 19:01:16 structSQL.go:100: Error 1054: Unknown column '$1' in 'where clause'
ERROR: 2020/12/03 19:06:06 structSQL.go:100: dial tcp 192.168.1.22:32769: connectex: A connection attempt failed because the connected party did not properly respond after a period of time, or established connection failed because connected host has failed to respond.
ERROR: 2020/12/03 19:07:33 structSQL.go:100: Error 1054: Unknown column '$1' in 'where clause'
ERROR: 2020/12/04 01:31:19 structSQL.go:100: dial tcp 192.168.1.22:32769: connectex: A connection attempt failed because the connected party did not properly respond after a period of time, or established connection failed because connected host has failed to respond.
ERROR: 2020/12/04 03:47:08 structSQL.go:100: dial tcp 192.168.1.22:32769: connectex: A connection attempt failed because the connected party did not properly respond after a period of time, or established connection failed because connected host has failed to respond.
ERROR: 2020/12/04 03:50:56 structSQL.go:122: Failed to execute SQL command: dial tcp 192.168.1.22:32769: connectex: A connection attempt failed because the connected party did not properly respond after a period of time, or established connection failed because connected host has failed to respond.
ERROR: 2020/12/04 13:09:52 structSQL.go:100: dial tcp 192.168.1.200:32769: connectex: A connection attempt failed because the connected party did not properly respond after a period of time, or established connection failed because connected host has failed to respond.
ERROR: 2020/12/04 21:51:07 structSQL.go:155: Failed to execute SQL command: Error 1064: You have an error in your SQL syntax; check the manual that corresponds to your MySQL server version for the right syntax to use near 'bikeparking')' at line 1
ERROR: 2020/12/04 21:53:34 structSQL.go:134: Failed to scan in SQL records: sql: expected 11 destination arguments in Scan, not 10
ERROR: 2020/12/05 08:31:02 structSQL.go:103: dial tcp 192.168.1.200:32769: connectex: A connection attempt failed because the connected party did not properly respond after a period of time, or established connection failed because connected host has failed to respond.
ERROR: 2020/12/05 10:36:03 main.go:55: Unable to listen and serve TLS request:  open D://GoLang//Projects//Go//src//GoLive//tls//cert.pem: The system cannot find the file specified.
ERROR: 2020/12/06 18:41:06 structSQL.go:184: Failed to execute SQL command: Error 1064: You have an error in your SQL syntax; check the manual that corresponds to your MySQL server version for the right syntax to use near '', '103.7740267', 6, 12, 2020, 18, 41)' at line 1
ERROR: 2020/12/07 13:29:15 structSQL.go:103: dial tcp 192.168.1.200:32769: connectex: A connection attempt failed because the connected party did not properly respond after a period of time, or established connection failed because connected host has failed to respond.
ERROR: 2020/12/07 15:41:29 structSQL.go:101: sql: no rows in result set
ERROR: 2020/12/07 15:43:24 structSQL.go:106: sql: expected 0 arguments, got 1
ERROR: 2020/12/07 16:50:14 stuctUser.go:269: sql: no rows in result set
ERROR: 2020/12/07 16:52:55 structSQL.go:136: Failed to execute SQL command: dial tcp: lookup 192.168.1: no such host
ERROR: 2020/12/07 17:37:56 structSQL.go:184: Failed to execute SQL command: dial tcp: lookup 192.168.1: no such host
ERROR: 2020/12/07 23:56:50 structSQL.go:103: dial tcp 192.168.1.118:32769: connectex: A connection attempt failed because the connected party did not properly respond after a period of time, or established connection failed because connected host has failed to respond.
ERROR: 2020/12/08 21:58:59 main.go:69: Unable to listen and serve TLS request:  listen tcp :5221: bind: Only one usage of each socket address (protocol/network address/port) is normally permitted.
ERROR: 2020/12/09 11:41:56 structSQL.go:103: dial tcp 10.0.203.153:32769: connectex: A connection attempt failed because the connected party did not properly respond after a period of time, or established connection failed because connected host has failed to respond.
ERROR: 2020/12/09 11:42:43 structSQL.go:103: dial tcp 10.0.203.153:32769: connectex: A connection attempt failed because the connected party did not properly respond after a period of time, or established connection failed because connected host has failed to respond.
ERROR: 2020/12/09 17:58:59 structSQL.go:103: dial tcp 10.0.203.153:32769: connectex: A connection attempt failed because the connected party did not properly respond after a period of time, or established connection failed because connected host has failed to respond.
ERROR: 2020/12/09 21:19:06 structSQL.go:103: dial tcp 10.0.203.153:32769: connectex: A connection attempt failed because the connected party did not properly respond after a period of time, or established connection failed because connected host has failed to respond.
ERROR: 2020/12/09 21:20:59 structSQL.go:103: dial tcp 192.168.0.200:32769: connectex: A connection attempt failed because the connected party did not properly respond after a period of time, or established connection failed because connected host has failed to respond.
ERROR: 2020/12/09 22:04:24 structSQL.go:103: dial tcp 192.168.1.200:32769: connectex: A connection attempt failed because the connected party did not properly respond after a period of time, or established connection failed because connected host has failed to respond.
ERROR: 2020/12/10 14:29:43 structSQL.go:103: dial tcp 192.168.1.200:32769: connectex: A connection attempt failed because the connected party did not properly respond after a period of time, or established connection failed because connected host has failed to respond.
ERROR: 2020/12/10 14:58:40 structSQL.go:103: dial tcp 192.168.1.200:32769: connectex: A connection attempt failed because the connected party did not properly respond after a period of time, or established connection failed because connected host has failed to respond.
ERROR: 2020/12/10 23:12:21 structSQL.go:104: dial tcp 192.168.1.200:32769: connectex: A connection attempt failed because the connected party did not properly respond after a period of time, or established connection failed because connected host has failed to respond.
ERROR: 2020/12/10 23:51:48 structSQL.go:104: dial tcp 192.168.1.200:32769: connectex: A connection attempt failed because the connected party did not properly respond after a period of time, or established connection failed because connected host has failed to respond.
ERROR: 2020/12/11 11:42:46 structSQL.go:104: dial tcp 192.168.1.200:32769: connectex: A connection attempt failed because the connected party did not properly respond after a period of time, or established connection failed because connected host has failed to respond.
ERROR: 2020/12/12 21:11:27 structSQL.go:196: Failed to execute SQL command: Error 1062: Duplicate entry 'hi18TBAKhBNgl94LhIZwTzBJfyOVvIWTF8TY3GCE1hs=' for key 'Routes.PRIMARY'
ERROR: 2020/12/12 21:44:28 structSQL.go:196: Failed to execute SQL command: Error 1062: Duplicate entry 'SUAY8v6iL6i3QEp9YaORELFuUM3jVQxsI4LJ3CDrHAs=' for key 'Routes.PRIMARY'
ERROR: 2020/12/13 01:14:11 structSQL.go:203: Failed to execute SQL command: Error 1064: You have an error in your SQL syntax; check the manual that corresponds to your MySQL server version for the right syntax to use near ')' at line 1
ERROR: 2020/12/13 01:15:35 structSQL.go:203: Failed to execute SQL command: Error 1064: You have an error in your SQL syntax; check the manual that corresponds to your MySQL server version for the right syntax to use near ')' at line 1
ERROR: 2020/12/13 01:16:28 structSQL.go:203: Failed to execute SQL command: Error 1064: You have an error in your SQL syntax; check the manual that corresponds to your MySQL server version for the right syntax to use near ')' at line 1
ERROR: 2020/12/13 01:17:48 structSQL.go:197: Failed to execute SQL command: Error 1064: You have an error in your SQL syntax; check the manual that corresponds to your MySQL server version for the right syntax to use near ')' at line 1
ERROR: 2020/12/13 01:46:27 structSQL.go:94: Failed to execute SQL command: Error 1064: You have an error in your SQL syntax; check the manual that corresponds to your MySQL server version for the right syntax to use near '[36 50 97 36 48 52 36 46 53 66 98 66 52 122 86 88 67 100 110 48 66 69 110 112 70' at line 1
ERROR: 2020/12/13 09:23:09 structSQL.go:226: Failed to execute SQL command: Error 1136: Column count doesn't match value count at row 1
ERROR: 2020/12/14 00:20:08 structSQL.go:235: Failed to scan in SQL records: sql: expected 5 destination arguments in Scan, not 4
ERROR: 2020/12/14 00:21:57 structSQL.go:235: Failed to scan in SQL records: sql: Scan error on column index 2, name "DurationSec": converting NULL to float64 is unsupported
ERROR: 2020/12/14 00:30:25 structSQL.go:235: Failed to scan in SQL records: sql: Scan error on column index 4, name "RouteName": converting NULL to string is unsupported
ERROR: 2020/12/14 08:46:41 structSQL.go:235: Failed to scan in SQL records: sql: Scan error on column index 2, name "DurationSec": invalid time bytes: 2.76
ERROR: 2020/12/14 08:50:11 structSQL.go:235: Failed to scan in SQL records: sql: Scan error on column index 2, name "DurationSec": invalid time bytes: 2.76
ERROR: 2020/12/14 08:50:47 structSQL.go:235: Failed to scan in SQL records: sql: Scan error on column index 2, name "DurationSec": invalid time bytes: 2.30549
ERROR: 2020/12/14 08:57:21 structSQL.go:234: Failed to scan in SQL records: sql: Scan error on column index 2, name "DurationSec": invalid time bytes: 2.30549
ERROR: 2020/12/14 09:01:08 structSQL.go:281: Failed to scan in SQL records: sql: Rows are closed
ERROR: 2020/12/14 09:27:19 structSQL.go:274: Failed to execute SQL command: Error 1064: You have an error in your SQL syntax; check the manual that corresponds to your MySQL server version for the right syntax to use near 'OFFSET 1 ROWS FETCH NEXT * ROWS ONLY' at line 1
ERROR: 2020/12/14 09:28:25 structSQL.go:274: Failed to execute SQL command: Error 1064: You have an error in your SQL syntax; check the manual that corresponds to your MySQL server version for the right syntax to use near 'OFFSET 1 ROWS FETCH NEXT 100 ROWS ONLY' at line 1
ERROR: 2020/12/14 09:30:35 structSQL.go:274: Failed to execute SQL command: Error 1064: You have an error in your SQL syntax; check the manual that corresponds to your MySQL server version for the right syntax to use near 'EXCEPT SELECT top N * FROM BikeTransport_db.RoutePoints' at line 1
ERROR: 2020/12/14 09:32:41 structSQL.go:274: Failed to execute SQL command: Error 1064: You have an error in your SQL syntax; check the manual that corresponds to your MySQL server version for the right syntax to use near '1 * FROM BikeTransport_db.RoutePoints WHERE RouteID=? ORDER BY PointID' at line 1
ERROR: 2020/12/14 18:19:49 structSQL.go:326: sql: expected 10 destination arguments in Scan, not 9
ERROR: 2020/12/14 19:11:11 structSQL.go:340: sql: expected 2 arguments, got 1
ERROR: 2020/12/14 19:13:20 structSQL.go:122: dial tcp 192.168.1.200:32769: connectex: A connection attempt failed because the connected party did not properly respond after a period of time, or established connection failed because connected host has failed to respond.
ERROR: 2020/12/14 23:18:18 structSQL.go:122: dial tcp 192.168.1.200:32769: connectex: A connection attempt failed because the connected party did not properly respond after a period of time, or established connection failed because connected host has failed to respond.
ERROR: 2020/12/15 14:15:30 structSQL.go:225: Failed to execute SQL command: dial tcp 192.168.1.200:32769: connectex: A connection attempt failed because the connected party did not properly respond after a period of time, or established connection failed because connected host has failed to respond.
ERROR: 2020/12/15 14:25:33 main.go:74: Unable to listen and serve TLS request:  listen tcp :5221: bind: Only one usage of each socket address (protocol/network address/port) is normally permitted.
ERROR: 2020/12/16 09:38:03 main.go:48: Failed to delete SQL records: dial tcp 192.168.1.200:32769: connectex: A connection attempt failed because the connected party did not properly respond after a period of time, or established connection failed because connected host has failed to respond.
ERROR: 2020/12/16 13:30:43 structSQL.go:226: Failed to execute SQL command: Error 1054: Unknown column 'ID' in 'where clause'
ERROR: 2020/12/16 13:34:43 structSQL.go:105: Failed to execute SQL command: Error 1451: Cannot delete or update a parent row: a foreign key constraint fails (`BikeTransport_db`.`Sessions`, CONSTRAINT `Sessions_ibfk_1` FOREIGN KEY (`Username`) REFERENCES `Users` (`Username`))
ERROR: 2020/12/16 22:04:51 structSQL.go:203: Failed to execute SQL command: Error 1406: Data too long for column 'Title' at row 1
ERROR: 2020/12/16 22:16:30 structSQL.go:203: Failed to execute SQL command: Error 1064: You have an error in your SQL syntax; check the manual that corresponds to your MySQL server version for the right syntax to use near 's first automated underground bicycle parking system to cease operation due to l' at line 1
ERROR: 2020/12/16 22:26:34 structSQL.go:203: Failed to execute SQL command: Error 1064: You have an error in your SQL syntax; check the manual that corresponds to your MySQL server version for the right syntax to use near 'use. With the
popularity of the bicycle sharing scheme in Singapore, this
desi' at line 3
ERROR: 2020/12/17 10:33:06 main.go:48: Failed to delete SQL records: dial tcp 192.168.1.200:32769: connectex: A connection attempt failed because the connected party did not properly respond after a period of time, or established connection failed because connected host has failed to respond.
ERROR: 2020/12/17 10:34:03 structSQL.go:203: Failed to execute SQL command: Error 1064: You have an error in your SQL syntax; check the manual that corresponds to your MySQL server version for the right syntax to use near 's Potholes', '\upload-453117811.png', 'Hi there!', 'tips')' at line 1
ERROR: 2020/12/17 10:36:33 structSQL.go:203: Failed to execute SQL command: Error 1064: You have an error in your SQL syntax; check the manual that corresponds to your MySQL server version for the right syntax to use near 's', '\upload-974421807.png', 'yay', 'tips')' at line 1
